../Core/Src/main.c:84:5:main	8	static
../Core/Src/main.c:137:6:SystemClock_Config	96	static
../Core/Src/main.c:189:13:MX_I2C1_Init	8	static
../Core/Src/main.c:237:13:MX_SAI1_Init	8	static
../Core/Src/main.c:296:13:MX_SPI2_Init	8	static
../Core/Src/main.c:336:13:MX_USART2_UART_Init	8	static
../Core/Src/main.c:384:13:MX_USART3_UART_Init	8	static
../Core/Src/main.c:432:13:MX_USB_OTG_FS_PCD_Init	8	static
../Core/Src/main.c:463:13:MX_FMC_Init	40	static
../Core/Src/main.c:523:13:MX_GPIO_Init	64	static
../Core/Src/main.c:743:6:Error_Handler	4	static,ignoring_inline_asm
